// Jest Snapshot v1, https://goo.gl/fbAQLP

exports[`Correctly returns convertStringToQuery 1`] = `
Object {
  "filters": Array [
    Object {
      "property": "namespace",
      "values": Array [
        "open-cluster-management",
      ],
    },
    Object {
      "property": "kind",
      "values": Array [
        "pod",
      ],
    },
  ],
  "keywords": Array [],
}
`;

exports[`Correctly returns formatSearchbarSuggestions 1`] = `
Array [
  Object {
    "disabled": true,
    "id": "id-suggestions-label",
    "key": "key-suggestions-label",
    "kind": "filter",
    "name": "Filters",
  },
  Object {
    "id": "id-kind",
    "key": "key-kind",
    "kind": "filter",
    "name": "kind",
  },
  Object {
    "id": "id-cluster",
    "key": "key-cluster",
    "kind": "filter",
    "name": "cluster",
  },
  Object {
    "id": "id-deployment",
    "key": "key-deployment",
    "kind": "filter",
    "name": "deployment",
  },
]
`;

exports[`Correctly returns formatSearchbarSuggestions 2`] = `
Array [
  Object {
    "disabled": true,
    "id": "id-suggestions-label",
    "key": "key-suggestions-label",
    "kind": "value",
    "name": "name values",
  },
  Object {
    "id": "id-name1",
    "key": "key-name1",
    "kind": "value",
    "name": "name1",
  },
  Object {
    "id": "id-name2",
    "key": "key-name2",
    "kind": "value",
    "name": "name2",
  },
  Object {
    "id": "id-name3",
    "key": "key-name3",
    "kind": "value",
    "name": "name3",
  },
]
`;

exports[`Correctly returns getSearchCompleteString 1`] = `"kind"`;
