// Jest Snapshot v1, https://goo.gl/fbAQLP

exports[`Correctly returns formatSearchbarSuggestions no timestamp 1`] = `"-"`;

exports[`Correctly returns formatSearchbarSuggestions with T in timestamp 1`] = `"3 days ago"`;

exports[`Correctly returns formatSearchbarSuggestions without T in timestamp 1`] = `"3 days ago"`;
