// Jest Snapshot v1, https://goo.gl/fbAQLP

exports[`Resource.ts Correctly returns getResourceName 1`] = `"testPod"`;

exports[`Resource.ts Correctly returns getResourceNameApiPath 1`] = `"/api/v1/namespaces/testNamespace/pods/testPod"`;

exports[`Resource.ts Correctly returns getResourceNameApiPath alt arguments 1`] = `"/apis/api/v1/pluralValues"`;

exports[`Resource.ts Correctly returns getResourceNameApiPath no kind 1`] = `"/api/v1/namespaces/testNamespace/testPod"`;

exports[`Resource.ts Correctly returns getResourceNamespace 1`] = `"testNamespace"`;

exports[`Resource.ts Correctly returns setResourceName 1`] = `"newName"`;

exports[`Resource.ts Correctly returns setResourceName without meta 1`] = `"newName"`;

exports[`Resource.ts Correctly returns setResourceNamespace 1`] = `"newNamespace"`;

exports[`Resource.ts Correctly returns setResourceNamespace wihtout meta 1`] = `"newNamespace"`;
